// Jest Snapshot v1, https://goo.gl/fbAQLP

exports[`renders correctly 1`] = `
<RCTSafeAreaView
  style={
    {
      "flex": 1,
    }
  }
>
  <RNCSafeAreaProvider
    onInsetsChange={[Function]}
    style={
      [
        {
          "flex": 1,
        },
        undefined,
      ]
    }
  >
    <RNSScreenStack
      style={
        {
          "flex": 1,
        }
      }
    >
      <RNSScreen
        collapsable={false}
        gestureResponseDistance={
          {
            "bottom": -1,
            "end": -1,
            "start": -1,
            "top": -1,
          }
        }
        nativeBackButtonDismissalEnabled={false}
        onAppear={[Function]}
        onDisappear={[Function]}
        onDismissed={[Function]}
        onGestureCancel={[Function]}
        onHeaderBackButtonClicked={[Function]}
        onNativeDismissCancelled={[Function]}
        onTransitionProgress={[Function]}
        onWillDisappear={[Function]}
        replaceAnimation="push"
        sheetAllowedDetents="large"
        sheetCornerRadius={-1}
        sheetExpandsWhenScrolledToEdge={true}
        sheetGrabberVisible={false}
        sheetLargestUndimmedDetent="all"
        stackPresentation="push"
        style={
          {
            "bottom": 0,
            "left": 0,
            "position": "absolute",
            "right": 0,
            "top": 0,
          }
        }
        swipeDirection="horizontal"
      >
        <View
          accessibilityElementsHidden={false}
          importantForAccessibility="auto"
          style={
            {
              "flex": 1,
              "flexDirection": "column-reverse",
            }
          }
        >
          <View
            collapsable={false}
            style={
              [
                {
                  "flex": 1,
                },
                {
                  "backgroundColor": "rgb(242, 242, 242)",
                },
                undefined,
              ]
            }
          >
            <View
              style={
                {
                  "alignItems": "center",
                  "backgroundColor": "rgb(255, 254, 250)",
                  "flex": 1,
                }
              }
            >
              <RCTScrollView
                data={[]}
                getItem={[Function]}
                getItemCount={[Function]}
                keyExtractor={[Function]}
                onContentSizeChange={[Function]}
                onLayout={[Function]}
                onMomentumScrollBegin={[Function]}
                onMomentumScrollEnd={[Function]}
                onScroll={[Function]}
                onScrollBeginDrag={[Function]}
                onScrollEndDrag={[Function]}
                renderItem={[Function]}
                scrollEventThrottle={0.0001}
                stickyHeaderIndices={[]}
              >
                <View />
              </RCTScrollView>
            </View>
          </View>
        </View>
        <RNSScreenStackHeaderConfig
          backButtonInCustomView={false}
          backTitleVisible={true}
          backgroundColor="rgb(255, 255, 255)"
          color="rgb(0, 122, 255)"
          direction="ltr"
          disableBackButtonMenu={false}
          hidden={false}
          hideBackButton={false}
          largeTitleHideShadow={false}
          title="Home"
          titleColor="rgb(28, 28, 30)"
          topInsetEnabled={false}
          translucent={false}
        />
      </RNSScreen>
    </RNSScreenStack>
  </RNCSafeAreaProvider>
</RCTSafeAreaView>
`;
